\BOOKMARK [0][-]{part.1}{\376\377\000I\000\040\000L\000e\000z\000i\000o\000n\000e\000\040\0001\000\040\000M\000e\000t\000o\000d\000i\000\040\000N\000u\000m\000e\000r\000i\000c\000i\000\040\000d\000i\000\040\000A\000p\000p\000r\000o\000s\000s\000i\000m\000a\000z\000i\000o\000n\000e}{}% 1
\BOOKMARK [1][-]{section.1}{\376\377\000I\000n\000t\000r\000o\000d\000u\000z\000i\000o\000n\000e}{part.1}% 2
\BOOKMARK [2][-]{subsection.1.1}{\376\377\000D\000a\000\040\000s\000i\000s\000t\000e\000m\000a\000\040\000n\000o\000n\000\040\000a\000u\000t\000o\000n\000o\000m\000o\000\040\000a\000\040\000s\000i\000s\000t\000e\000m\000a\000\040\000a\000u\000t\000o\000n\000o\000m\000o}{section.1}% 3
\BOOKMARK [2][-]{subsection.1.2}{\376\377\000S\000o\000l\000u\000z\000i\000o\000n\000i\000\040\000g\000l\000o\000b\000a\000l\000i\000\040\000d\000e\000f\000i\000n\000i\000t\000e\000\040\000p\000e\000r\000\040\000t\000\050\0000\000,\000+\000\051}{section.1}% 4
\BOOKMARK [0][-]{part.2}{\376\377\000I\000I\000\040\000L\000e\000z\000i\000o\000n\000e\000\040\0002\000\040\000M\000e\000t\000o\000d\000i\000\040\000N\000u\000m\000e\000r\000i\000c\000i}{}% 5
\BOOKMARK [1][-]{subsection.1.3}{\376\377\000b\000o\000h}{part.2}% 6
\BOOKMARK [2][-]{subsection.1.4}{\376\377\000S\000t\000a\000b\000i\000l\000i\000t\000\340\000\040\000a\000l\000l\000a\000\040\000v\000a\000r\000i\000a\000b\000i\000l\000e}{subsection.1.3}% 7
\BOOKMARK [0][-]{part.3}{\376\377\000I\000I\000I\000\040\000M\000e\000t\000o\000d\000i\000\040\000L\000e\000z\000i\000o\000n\000e\000\040\0003}{}% 8
\BOOKMARK [1][-]{subsection.1.5}{\376\377\000N\000o\000t\000a\000z\000i\000o\000n\000i}{part.3}% 9
\BOOKMARK [2][-]{subsection.1.6}{\376\377\000M\000e\000t\000o\000d\000i\000\040\000n\000u\000m\000e\000r\000i\000c\000i\000\040\000a\000\040\000u\000n\000\040\000p\000a\000s\000s\000o}{subsection.1.5}% 10
\BOOKMARK [0][-]{part.4}{\376\377\000I\000V\000\040\000L\000e\000z\000i\000o\000n\000e\000\040\0004\000\040\000M\000e\000t\000o\000d\000i\000\040\000N\000u\000m\000e\000r\000i\000c\000i}{}% 11
\BOOKMARK [1][-]{subsection.1.7}{\376\377\000P\000r\000i\000m\000i\000\040\000s\000c\000h\000e\000m\000i}{part.4}% 12
\BOOKMARK [2][-]{subsection.1.8}{\376\377\000F\000i\000l\000o\000s\000o\000f\000i\000a}{subsection.1.7}% 13
\BOOKMARK [2][-]{subsection.1.9}{\376\377\000A\000n\000a\000l\000i\000s\000i\000\040\000d\000e\000i\000\040\000m\000e\000t\000o\000d\000i\000\040\000a\000d\000\040\000u\000n\000\040\000p\000a\000s\000s\000o\000\040\000\050\000e\000s\000p\000l\000i\000c\000i\000t\000i\000\051}{subsection.1.7}% 14
\BOOKMARK [3][-]{subsubsection.1.9.1}{\376\377\000C\000o\000n\000s\000i\000s\000t\000e\000n\000z\000a}{subsection.1.9}% 15
\BOOKMARK [0][-]{part.5}{\376\377\000V\000\040\000L\000e\000z\000i\000o\000n\000e\000\040\0000\0005\000\040\000M\000e\000t\000o\000d\000i}{}% 16
\BOOKMARK [1][-]{subsection.1.10}{\376\377\000C\000o\000n\000s\000i\000s\000t\000e\000n\000z\000a\000\040\000d\000i\000\040\000u\000n\000\040\000m\000e\000t\000o\000d\000o\000\040\000a\000\040\000u\000n\000\040\000p\000a\000s\000s\000o\000\040\000p\000e\000r\000\040\000O\000D\000E}{part.5}% 17
\BOOKMARK [0][-]{part.6}{\376\377\000V\000I\000\040\000L\000e\000z\000i\000o\000n\000e\000\040\0006\000\040\000M\000e\000t\000o\000d\000i\000\040\000n\000u\000m\000e\000r\000i\000c\000i}{}% 18
\BOOKMARK [1][-]{section.2}{\376\377\000Z\000e\000r\000o\000\040\000S\000t\000a\000b\000i\000l\000i\000t\000\340\000\040}{part.6}% 19
\BOOKMARK [0][-]{part.7}{\376\377\000V\000I\000I\000\040\000L\000e\000z\000i\000o\000n\000e\000\040\0007\000\040\000M\000e\000t\000o\000d\000i}{}% 20
\BOOKMARK [1][-]{section.3}{\376\377\000C\000o\000n\000v\000e\000r\000g\000e\000n\000z\000a}{part.7}% 21
\BOOKMARK [2][-]{subsection.3.1}{\376\377\000R\000i\000a\000s\000s\000u\000n\000t\000i\000n\000o}{section.3}% 22
\BOOKMARK [2][-]{subsection.3.2}{\376\377\000C\000o\000n\000v\000e\000r\000g\000e\000n\000z\000a}{section.3}% 23
\BOOKMARK [0][-]{part.8}{\376\377\000V\000I\000I\000I\000\040\000L\000e\000z\000i\000o\000n\000e\000\040\0008\000\040\000M\000e\000t\000o\000d\000i\000\040\000N\000u\000m\000e\000r\000i\000c\000i}{}% 24
\BOOKMARK [0][-]{part.9}{\376\377\000I\000X\000\040\000M\000e\000t\000o\000d\000i\000\040\000N\000u\000m\000e\000r\000i\000c\000i\000\040\000L\000e\000z\000i\000o\000n\000e\000\040\0009}{}% 25
\BOOKMARK [1][-]{subsection.3.3}{\376\377\000C\000o\000m\000e\000\040\000i\000m\000p\000o\000s\000t\000a\000r\000e\000\040\000u\000n\000\040\000p\000r\000o\000b\000l\000e\000m\000a\000\040\000n\000o\000n\000\040\000l\000i\000n\000e\000a\000r\000e}{part.9}% 26
\BOOKMARK [2][-]{subsection.3.4}{\376\377\000C\000a\000s\000o\000\040\000p\000a\000r\000t\000i\000c\000o\000l\000a\000r\000e\000,\000\040\000p\000r\000o\000b\000l\000e\000m\000a\000\040\000l\000i\000n\000e\000a\000r\000e\000\040\000i\000n\000\040\000d\000i\000m\000e\000n\000s\000i\000o\000n\000e\000\040\000>\000\040\0001}{subsection.3.3}% 27
\BOOKMARK [0][-]{part.10}{\376\377\000X\000\040\000L\000e\000z\000i\000o\000n\000e\000\040\0001\0002\000\040\000M\000e\000t\000o\000d\000i\000\040\000N\000u\000m\000e\000r\000i\000c\000i\000\040\000d\000i\000\040\000A\000p\000p\000r\000o\000s\000s\000i\000m\000a\000z\000i\000o\000n\000e}{}% 28
\BOOKMARK [1][-]{subsection.3.5}{\376\377\000M\000e\000t\000o\000d\000i\000\040\000R\000K}{part.10}% 29
\BOOKMARK [2][-]{subsection.3.6}{\376\377\000M\000e\000t\000o\000d\000i\000\040\000R\000K\000\040\000E\000s\000p\000l\000i\000c\000i\000t\000i}{subsection.3.5}% 30
\BOOKMARK [3][-]{subsubsection.3.6.1}{\376\377\000C\000o\000n\000d\000i\000z\000i\000o\000n\000e\000\040\000d\000i\000\040\000c\000o\000m\000p\000a\000t\000i\000b\000i\000l\000i\000t\000\340}{subsection.3.6}% 31
\BOOKMARK [0][-]{part.11}{\376\377\000X\000I\000\040\000L\000e\000z\000i\000o\000n\000e\000\040\0001\0003\000\040\000M\000e\000t\000o\000d\000i\000\040\000N\000u\000m\000e\000r\000i\000c\000i\000\040\000d\000i\000\040\000a\000p\000p\000r\000o\000s\000s\000i\000m\000a\000z\000i\000o\000n\000e}{}% 32
\BOOKMARK [1][-]{subsection.3.7}{\376\377\000R\000K\0002}{part.11}% 33
\BOOKMARK [2][-]{subsection.3.8}{\376\377\000R\000K\0004}{subsection.3.7}% 34
\BOOKMARK [2][-]{subsection.3.9}{\376\377\000A\000s\000s\000o\000l\000u\000t\000a\000\040\000s\000t\000a\000b\000i\000l\000i\000t\000\340}{subsection.3.7}% 35
\BOOKMARK [0][-]{part.12}{\376\377\000X\000I\000I\000\040\000L\000e\000z\000i\000o\000n\000e\000\040\0001\0004\000\040\000M\000e\000t\000o\000d\000i\000\040\000N\000u\000m\000e\000r\000i\000c\000i}{}% 36
\BOOKMARK [1][-]{subsection.3.10}{\376\377\000S\000t\000a\000b\000i\000l\000i\000t\000\340\000\040\000a\000s\000s\000o\000l\000u\000t\000a\000\040\000d\000e\000i\000\040\000m\000e\000t\000o\000d\000i\000\040\000R\000K\000\040\000a\000\040\000s\000-\000s\000t\000a\000d\000i\000\040}{part.12}% 37
\BOOKMARK [2][-]{subsection.3.11}{\376\377\000P\000e\000n\000d\000o\000l\000o\000\040\000\050\000n\000o\000n\000\040\000l\000i\000n\000e\000a\000r\000e\000\051}{subsection.3.10}% 38
\BOOKMARK [0][-]{part.13}{\376\377\000X\000I\000I\000I\000\040\000L\000e\000z\000i\000o\000n\000e\000\040\0001\0005\000\040\000M\000e\000t\000o\000d\000i\000\040\000N\000u\000m\000e\000r\000i\000c\000i\000\040\000d\000i\000\040\000A\000p\000p\000r\000o\000s\000s\000i\000m\000a\000z\000i\000o\000n\000e}{}% 39
\BOOKMARK [1][-]{subsection.3.12}{\376\377\000b\000o\000h}{part.13}% 40
\BOOKMARK [0][-]{part.14}{\376\377\000X\000I\000V\000\040\000L\000e\000z\000i\000o\000n\000e\000\040\0001\0006\000\040\000M\000e\000t\000o\000d\000i\000\040\000N\000u\000m\000e\000r\000i\000c\000i\000\040\000d\000i\000\040\000A\000p\000p\000r\000o\000s\000s\000i\000m\000a\000z\000i\000o\000n\000e}{}% 41
\BOOKMARK [1][-]{subsection.3.13}{\376\377\000M\000e\000t\000o\000d\000i\000\040\000M\000u\000l\000t\000i\000s\000t\000e\000p\000\040\000\050\000L\000i\000n\000e\000a\000r\000\040\000m\000u\000l\000t\000i\000s\000t\000e\000p\000\040\000m\000e\000t\000h\000o\000d\000\051}{part.14}% 42
\BOOKMARK [2][-]{subsubsection.3.13.1}{\376\377\000V\000a\000l\000o\000r\000i\000\040\000d\000i\000\040\000I\000n\000n\000e\000s\000c\000o}{subsection.3.13}% 43
\BOOKMARK [3][-]{subsubsection.3.13.2}{\376\377\000C\000o\000n\000s\000i\000s\000t\000e\000n\000z\000a\000\040\000d\000i\000\040\000u\000n\000\040\000L\000M\000M}{subsubsection.3.13.1}% 44
\BOOKMARK [0][-]{part.15}{\376\377\000X\000V\000\040\000L\000e\000z\000i\000o\000n\000e\000\040\0001\0007\000\040\000M\000e\000t\000o\000d\000i\000\040\000N\000u\000m\000e\000r\000i\000c\000i\000\040\000d\000i\000\040\000A\000p\000p\000r\000o\000s\000s\000i\000m\000a\000z\000i\000o\000n\000e}{}% 45
\BOOKMARK [1][-]{subsection.3.14}{\376\377\000C\000o\000n\000t\000i\000n\000u\000o\000\040\000m\000e\000t\000o\000d\000i\000\040\000m\000u\000l\000t\000i\000s\000t\000e\000p}{part.15}% 46
\BOOKMARK [2][-]{subsection.3.15}{\376\377\000P\000r\000o\000b\000l\000e\000m\000a\000\040\000O\000m\000o\000g\000e\000n\000e\000o}{subsection.3.14}% 47
\BOOKMARK [3][-]{subsubsection.3.15.1}{\376\377\000P\000a\000r\000a\000l\000l\000e\000l\000i\000s\000m\000o\000\040\000c\000o\000n\000\040\000l\000e\000\040\000e\000q\000u\000a\000z\000i\000o\000n\000i\000\040\000d\000i\000f\000f\000e\000r\000e\000n\000z\000i\000a\000l\000i\000\040\000l\000i\000n\000e\000a\000r\000i\000\040\000a\000\040\000c\000o\000e\000f\000f\000i\000c\000i\000e\000n\000t\000i\000\040\000c\000o\000s\000t\000a\000n\000t\000i}{subsection.3.15}% 48
\BOOKMARK [3][-]{subsubsection.3.15.2}{\376\377\000C\000o\000n\000d\000i\000z\000i\000o\000n\000e\000\040\000d\000e\000l\000l\000e\000\040\000r\000a\000d\000i\000c\000i}{subsection.3.15}% 49
\BOOKMARK [0][-]{part.16}{\376\377\000X\000V\000I\000\040\000L\000e\000z\000i\000o\000n\000e\000\040\0001\0008\000\040\000M\000e\000t\000o\000d\000i\000\040\000N\000u\000m\000e\000r\000i\000c\000i}{}% 50
\BOOKMARK [1][-]{subsection.3.16}{\376\377\000M\000e\000t\000o\000d\000i\000\040\000L\000M\000M}{part.16}% 51
\BOOKMARK [2][-]{subsubsection.3.16.1}{\376\377\000R\000i\000c\000o\000r\000d\000a}{subsection.3.16}% 52
\BOOKMARK [3][-]{subsubsection.3.16.2}{\376\377\000R\000o\000b\000a\000\040\000n\000u\000o\000v\000a}{subsubsection.3.16.1}% 53
\BOOKMARK [0][-]{part.17}{\376\377\000X\000V\000I\000I\000\040\000L\000e\000z\000i\000o\000n\000e\000\040\0001\0009\000\040\000M\000e\000t\000o\000d\000i}{}% 54
\BOOKMARK [1][-]{subsection.3.17}{\376\377\000b\000o\000h}{part.17}% 55
\BOOKMARK [2][-]{subsection.3.18}{\376\377\000M\000e\000t\000o\000d\000i\000\040\000d\000i\000\040\000A\000d\000a\000m\000s}{subsection.3.17}% 56
\BOOKMARK [3][-]{subsubsection.3.18.1}{\376\377\000A\000d\000a\000m\000s\000-\000B\000a\000s\000h\000f\000o\000r\000t\000\040\000\050\000A\000M\000\051}{subsection.3.18}% 57
\BOOKMARK [2][-]{subsection.3.19}{\376\377\000C\000o\000n\000s\000i\000s\000t\000e\000n\000z\000a\000\040\000d\000e\000i\000\040\000m\000e\000t\000o\000d\000i\000\040\000A\000B\000\040\000\046\000\040\000A\000M}{subsection.3.17}% 58
\BOOKMARK [0][-]{part.18}{\376\377\000X\000V\000I\000I\000I\000\040\000L\000e\000z\000i\000o\000n\000e\000\040\0002\0000\000\040\000M\000e\000t\000o\000d\000i}{}% 59
\BOOKMARK [1][-]{subsection.3.20}{\376\377\000Z\000e\000r\000o\000-\000S\000t\000a\000b\000i\000l\000i\000t\000\340\000\040\000d\000e\000i\000\040\000m\000e\000t\000o\000d\000i\000\040\000d\000i\000\040\000A\000d\000a\000m\000s}{part.18}% 60
\BOOKMARK [2][-]{subsection.3.21}{\376\377\000M\000e\000t\000o\000d\000i\000\040\000B\000D\000F\000\040\000\050\000B\000a\000c\000k\000w\000a\000r\000d\000\040\000D\000i\000f\000f\000e\000r\000e\000n\000t\000i\000a\000t\000i\000o\000n\000\040\000F\000o\000r\000m\000u\000l\000e\000\051}{subsection.3.20}% 61
\BOOKMARK [0][-]{part.19}{\376\377\000X\000I\000X\000\040\000L\000e\000z\000i\000o\000n\000e\000\040\0002\0001\000\040\000M\000e\000t\000o\000d\000i\000\040\000N\000u\000m\000e\000r\000i\000c\000i}{}% 62
\BOOKMARK [1][-]{subsection.3.22}{\376\377\000B\000o\000u\000n\000d\000a\000r\000y\000\040\000L\000o\000c\000u\000s}{part.19}% 63
